[info] label 3 found -- labels are now considered 1-indexed.
Id 
Min label:-1
Max label:1
bits:18
lda:0
0 ngram:
0 skip:
options: --oaa 3
Checksum: 4098939232
:0
f^c*e^y:20368:-0.0540374
f^c*e^y[1]:20369:-0.0908917
f^c*e^y[2]:20370:0.0914445
e^y:27664:-0.0540374
e^y[1]:27665:-0.0908917
e^y[2]:27666:0.0914445
f^a:57420:-0.129173
f^a[1]:57421:0.0588574
f^a[2]:57422:-0.0604068
f^b:62864:-0.0540374
f^b[1]:62865:-0.0908917
f^b[2]:62866:0.0914445
f^a*e^x:65348:-0.129173
f^a*e^x[1]:65349:0.0588574
f^a*e^x[2]:65350:-0.0604068
f^b*e^z:91492:-0.0540374
f^b*e^z[1]:91493:-0.0908917
f^b*e^z[2]:91494:0.0914445
f^a*e^y:97204:-0.0540374
f^a*e^y[1]:97205:-0.0908917
f^a*e^y[2]:97206:0.0914445
f^c*e^x:117600:-0.129173
f^c*e^x[1]:117601:0.0588574
f^c*e^x[2]:117602:-0.0604068
e^x:125152:-0.129173
e^x[1]:125153:0.0588574
e^x[2]:125154:-0.0604068
f^y:154732:-0.111391
f^y[1]:154733:0.185667
f^y[2]:154734:-0.18919
f^y*e^x:169700:-0.111391
f^y*e^x[1]:169701:0.185667
f^y*e^x[2]:169702:-0.18919
f^a*e^z:189296:-0.0540374
f^a*e^z[1]:189297:-0.0908917
f^a*e^z[2]:189298:0.0914445
f^b*e^y:196000:-0.0540374
f^b*e^y[1]:196001:-0.0908917
f^b*e^y[2]:196002:0.0914445
Constant:202096:-0.129173
Constant[1]:202097:0.0588574
Constant[2]:202098:-0.0604068
f^b*e^x:227664:-0.0540374
f^b*e^x[1]:227665:-0.0908917
f^b*e^x[2]:227666:0.0914445
f^c:228992:-0.129173
f^c[1]:228993:0.0588574
f^c[2]:228994:-0.0604068
f^c*e^z:251732:-0.0540374
f^c*e^z[1]:251733:-0.0908917
f^c*e^z[2]:251734:0.0914445
e^z:259284:-0.0540374
e^z[1]:259285:-0.0908917
e^z[2]:259286:0.0914445
