enabling BFGS based optimization **without** curvature calculation
Num weight bits = 18
learning rate = 0.5
initial_t = 0
power_t = 0.5
decay_learning_rate = 1
## avg. loss 	der. mag. 	d. m. cond.	 wolfe1    	wolfe2    	mix fraction	curvature 	dir. magnitude	step size
