predictions = cats.predict
Enabling FTRL based optimization
Algorithm used: Coin Betting
ftrl_alpha = 4
ftrl_beta = 1
Num weight bits = 18
learning rate = 0.5
initial_t = 0
power_t = 0.5
using no cache
Reading datafile = train-sets/cats.acpx
num sources = 1
Enabled reductions: ftrl, scorer, binary, cats_tree, get_pmf, pmf_to_pdf, cb_explore_pdf, cats_pdf, sample_pdf, cats
average  since         example        example  current  current  current
loss     last          counter         weight    label  predict features
0.000000 0.000000            1            1.0 {185.121,0.657567,6.20426e-05} 17540.9,0.000160436       10
0.000000 0.000000            2            2.0 {772.592,0.458316,6.20426e-05} 15536.2,0.000160436       10
0.226921 0.453841            4            4.0 {14122,0.0199798,6.20426e-05} 12421,0.000160436       10
0.321934 0.416948            8            8.0 {12715.1,0.168545,6.20426e-05} 17106,0.000160436       10
0.184223 0.046511           16           16.0 {669.119,0.475519,6.20426e-05} 14527.2,0.000160436       10
0.192736 0.201250           32           32.0 {10786.7,0.0437032,6.20426e-05} 14782.4,0.000160436       10

finished run
number of examples = 57
weighted example sum = 57.000000
weighted label sum = 57.000000
average loss = 0.174316
total feature number = 570
Learn() count per node: id=0, #l=17; id=1, #l=0; id=2, #l=0; 
