only testing
Num weight bits = 18
learning rate = 0.5
initial_t = 0
power_t = 0.5
using no cache
Reading datafile = train-sets/cb_adf_crash_2.data
num sources = 1
Enabled reductions: gd, scorer-identity, csoaa_ldf-rank, cb_adf, cb_explore_adf_greedy, shared_feature_merger
average  since         example        example  current  current  current
loss     last          counter         weight    label  predict features
    n.a.     n.a.            1            1.0  unknown        0:1...        2

finished run
number of examples = 1
weighted example sum = 1.000000
weighted label sum = 0.000000
average loss = n.a.
total feature number = 4
