[warning] currently, mtr is only used for the first policy in cover, other policies use dr
