Num weight bits = 18
learning rate = 0.5
initial_t = 0
power_t = 0.5
using no cache
Reading datafile = train-sets/cs_cb
num sources = 1
Enabled reductions: gd, scorer-identity, csoaa_ldf-rank, cb_adf, cb_explore_adf_greedy, shared_feature_merger, cbify-adf-cs
average  since         example        example  current  current  current
loss     last          counter         weight    label  predict features
0.000000 0.000000            1            1.0    known        2        4
0.500000 1.000000            2            2.0    known        3        4

finished run
number of examples = 3
weighted example sum = 3.000000
weighted label sum = 0.000000
average loss = 0.666667
total feature number = 12
