[info] label 2048 found -- labels are now considered 1-indexed.
