Num weight bits = 18
learning rate = 0.5
initial_t = 0
power_t = 0.5
using no cache
Reading datafile = train-sets/ccb_losses.txt
num sources = 1
Enabled reductions: gd, generate_interactions, scorer-identity, csoaa_ldf-rank, cb_adf, cb_explore_adf_greedy, cb_sample, shared_feature_merger, ccb_explore_adf
average  since         example        example  current  current  current
loss     last          counter         weight    label  predict features
-2.000000 -2.000000            1            1.0 2:-3,0:-1      2,0       16

finished run
number of examples = 1
weighted example sum = 1.000000
weighted label sum = 0.000000
average loss = -2.000000
total feature number = 16
