using no cache
Reading datafile = train-sets/csoaa_ldf_shared.dat
num sources = 1
Num weight bits = 18
learning rate = 0.5
initial_t = 0
power_t = 0.5
Enabled reductions: gd, scorer-identity, csoaa_ldf, shared_feature_merger
Input label = CS
Output pred = MULTICLASS
average  since         example        example        current        current  current
loss     last          counter         weight          label        predict features
0.000000 0.000000            1            1.0          known              1        8

finished run
number of examples = 1
weighted example sum = 1.000000
weighted label sum = 0.000000
average loss = 0.000000
total feature number = 8
