[warning] 'shared' is not a good float, replacing with 0
[warning] 'shared' is not a good float, replacing with 0
[warning] 'shared' is not a good float, replacing with 0
[warning] 'shared' is not a good float, replacing with 0
