Num weight bits = 18
learning rate = 0.5
initial_t = 0
power_t = 0.5
using no cache
Reading datafile = train-sets/houses
num sources = 1
Enabled reductions: gd, nn, scorer-identity
average  since         example        example  current  current  current
loss     last          counter         weight    label  predict features
0.000000 0.000000            1            1.0   0.0000   0.0000        5
0.666667 1.000000            2            3.0   1.0000   0.0000        5

finished run
number of examples = 3
weighted example sum = 4.000000
weighted label sum = 2.000000
average loss = 0.750000
best constant = 0.500000
best constant's loss = 0.250000
total feature number = 15
