Num weight bits = 18
learning rate = 0.5
initial_t = 0.3
power_t = 0.5
using no cache
Reading datafile = 
num sources = 1
Enabled reductions: gd, scorer-identity
average  since         example        example  current  current  current
loss     last          counter         weight    label  predict features
0.640000 0.640000            1            1.0   1.0000   0.2000        2

finished run
number of examples = 1
weighted example sum = 1.000000
weighted label sum = 1.000000
average loss = 0.640000
best constant = 1.000000
best constant's loss = 0.000000
total feature number = 2
