only testing
Num weight bits = 18
learning rate = 0.5
initial_t = 0
power_t = 0.5
using no cache
Reading datafile = train-sets/issue3062.txt
num sources = 1
Enabled reductions: gd, scorer-identity, csoaa, cb, cb_explore-greedy
average  since         example        example  current  current  current
loss     last          counter         weight    label  predict features
0.100000 0.100000            1            1.0 1:1:0.25 2:0.975000        2

finished run
number of examples = 1
weighted example sum = 1.000000
weighted label sum = 0.000000
average loss = 0.100000
total feature number = 2
