using no cache
Reading datafile = train-sets/cb_test_non_binary_costs.ldf
num sources = 1
Num weight bits = 18
learning rate = 0.5
initial_t = 0
power_t = 0.5
cb_type = mtr
Enabled reductions: gd, scorer-identity, csoaa_ldf-rank, cb_adf, cb_explore_adf_greedy, shared_feature_merger
Input label = cb
Output pred = ACTION_PROBS
average  since         example        example        current        current  current
loss     last          counter         weight          label        predict features
0.333333 0.333333            1            1.0      0:0.5:0.5         0:0.33       18
-0.32083 -0.97500            2            2.0     1:-0.5:0.5         1:0.97        8
-0.21277 0.003333            4            4.0      0:0.1:0.5         1:0.97       18
-0.10527 0.002222            8            8.0        1:0:0.5         1:0.97        8

finished run
number of examples = 15
weighted example sum = 15.000000
weighted label sum = 0.000000
average loss = 0.111667
total feature number = 170
