[warning] Multiple data files passed as positional parameters, only the first one will be read and the rest will be ignored.
