Num weight bits = 18
learning rate = 0.5
initial_t = 0
power_t = 0.5
decay_learning_rate = 1
creating cache_file = train-sets/multiclass.cache
Reading datafile = train-sets/multiclass
num sources = 1
Enabled reductions: gd, scorer-identity, oaa
average  since         example        example  current  current  current
loss     last          counter         weight    label  predict features
    n.a.     n.a.            1            1.0        1        1        2
    n.a.     n.a.            2            2.0        2        1        2
    n.a.     n.a.            4            4.0        4        1        2
    n.a.     n.a.            8            8.0        8        1        2
    n.a.     n.a.           16           16.0        6        6        2
    n.a.     n.a.           32           32.0        2        2        2
    n.a.     n.a.           64           64.0        4        4        2

finished run
number of examples per pass = 10
passes used = 10
weighted example sum = 100.000000
weighted label sum = 0.000000
average loss = n.a.
total feature number = 200
