[info] Generating 2-grams for all namespaces.
[info] Generating 4-skips for all namespaces.
[info] label 2 found -- labels are now considered 1-indexed.
