Num weight bits = 18
learning rate = 0.5
initial_t = 0
power_t = 0.5
decay_learning_rate = 1
creating cache_file = train-sets/sequence_data.cache
Reading datafile = train-sets/sequence_data
num sources = 1
Enabled reductions: gd, scorer-identity, csoaa, search_task
average    since      instance            current true      current predicted   cur   cur   predic    cache  examples          
loss       last        counter           output prefix          output prefix  pass   pol     made     hits    gener  beta    
4.000000   4.000000          1  [5 4 3 2 1           ] [1 1 1 1 1           ]     0     0        5        0        5  0.000000
3.500000   3.000000          2  [5 4 3 2 1           ] [4 4 4 1 1           ]     1     0       10        0       10  0.000000

finished run
number of examples per pass = 1
passes used = 2
weighted example sum = 2.000000
weighted label sum = 0.000000
average loss = 3.500000
total feature number = 102
