final_regressor = models/ep_dec_spin_off.m
using no cache
Reading datafile = train-sets/automl_spin_off.txt
num sources = 1
Num weight bits = 18
learning rate = 0.5
initial_t = 0
power_t = 0.5
cb_type = mtr
Enabled learners: gd, scorer-identity, csoaa_ldf-rank, cb_adf, cb_explore_adf_greedy, epsilon_decay, shared_feature_merger
Input label = CB
Output pred = ACTION_SCORES
average  since         example        example        current        current  current
loss     last          counter         weight          label        predict features
-0.33333 -0.33333            1            1.0         0:-1:1         0:0.33      209
-0.33333 -0.33333            2            2.0         1:-1:1         0:0.33      294
-0.36945 -0.40557            4            4.0         1:-1:1         1:0.58      278
-0.38274 -0.39604            8            8.0         0:-1:1         1:0.67      253
-0.40832 -0.43390           16           16.0         0:-1:1         0:0.74      109

finished run
number of examples = 18
weighted example sum = 18.000000
weighted label sum = 0.000000
average loss = -0.411176
total feature number = 4724
