model load failed. Error Details: Unexpected end of file encountered., model files = model-sets/truncated_model
