Num weight bits = 18
learning rate = 0.5
initial_t = 0
power_t = 0.5
using no cache
Reading datafile = train-sets/multiclass
num sources = 1
Enabled reductions: gd, scorer-identity, csoaa_ldf-rank, cb_adf, cb_explore_adf_greedy, shared_feature_merger, warm_cb-multi
average  since         example        example  current  current  current
loss     last          counter         weight    label  predict features
1.000000 1.000000            4            1.0        4        3        2
1.000000 1.000000            5            2.0        5        3        2
1.000000 1.000000            7            4.0        7        3        2

finished run
number of examples = 10
weighted example sum = 7.000000
weighted label sum = 0.000000
average loss = 1.000000
total feature number = 20
average variance estimate = 171.578140
theoretical average variance = 200.000000
last lambda chosen = 0.937500 among lambdas ranging from 0.031250 to 0.937500
